10
8
0
1 2 4 5 6
0,'1',1
0,'0',7
1,'1',2
1,'0',5
2,'1',2
2,'0',5
3,'1',6
3,'0',7
4,'1',2
4,'0',5
5,'1',2
5,'0',5
6,'1',2
6,'0',5
7,'1',7
7,'0',7