bcdae
16
0
0 1 2 7 8 9 10 13 14
0,'b',1
0,'c',2
0,'d',4
0,'a',6
0,'e',15
1,'b',1
1,'c',2
1,'d',4
1,'a',6
1,'e',15
2,'b',1
2,'c',2
2,'d',4
2,'a',6
2,'e',15
3,'b',15
3,'c',15
3,'d',15
3,'a',7
3,'e',15
4,'b',15
4,'c',15
4,'d',15
4,'a',8
4,'e',15
5,'b',15
5,'c',15
5,'d',15
5,'a',15
5,'e',9
6,'b',15
6,'c',15
6,'d',15
6,'a',15
6,'e',10
7,'b',15
7,'c',15
7,'d',4
7,'a',6
7,'e',15
8,'b',15
8,'c',15
8,'d',12
8,'a',6
8,'e',15
9,'b',15
9,'c',15
9,'d',4
9,'a',6
9,'e',15
10,'b',15
10,'c',15
10,'d',4
10,'a',6
10,'e',15
11,'b',15
11,'c',15
11,'d',15
11,'a',13
11,'e',15
12,'b',15
12,'c',15
12,'d',15
12,'a',14
12,'e',15
13,'b',15
13,'c',15
13,'d',4
13,'a',6
13,'e',15
14,'b',15
14,'c',15
14,'d',12
14,'a',6
14,'e',15
15,'b',15
15,'c',15
15,'d',15
15,'a',15
15,'e',15