01
9
0
3
0,'0',3
0,'1',5
1,'0',3
1,'1',5
2,'0',8
2,'1',6
3,'0',8
3,'1',8
4,'0',7
4,'1',8
5,'0',3
5,'1',5
6,'0',3
6,'1',5
7,'0',3
7,'1',5
8,'0',8
8,'1',8