abd
6
0
0 2 3 4
0,'a',1
0,'b',5
0,'d',2
1,'a',5
1,'b',3
1,'d',5
2,'a',1
2,'b',5
2,'d',2
3,'a',1
3,'b',4
3,'d',2
4,'a',1
4,'b',4
4,'d',2
5,'a',5
5,'b',5
5,'d',5