bdc
9
0
5
0,'b',1
0,'d',8
0,'c',8
1,'b',2
1,'d',3
1,'c',8
2,'b',2
2,'d',3
2,'c',8
3,'b',4
3,'d',8
3,'c',5
4,'b',6
4,'d',7
4,'c',8
5,'b',8
5,'d',8
5,'c',8
6,'b',6
6,'d',7
6,'c',8
7,'b',4
7,'d',8
7,'c',5
8,'b',8
8,'d',8
8,'c',8