01
11
0
7
0,'0',1
0,'1',10
1,'0',2
1,'1',3
2,'0',10
2,'1',4
3,'0',10
3,'1',5
4,'0',6
4,'1',5
5,'0',7
5,'1',8
6,'0',10
6,'1',9
7,'0',10
7,'1',10
8,'0',7
8,'1',8
9,'0',6
9,'1',5
10,'0',10
10,'1',10