cbd
6
0
0 1 4
0,'c',1
0,'b',2
0,'d',5
1,'c',1
1,'b',2
1,'d',5
2,'c',5
2,'b',3
2,'d',4
3,'c',5
3,'b',3
3,'d',4
4,'c',5
4,'b',2
4,'d',5
5,'c',5
5,'b',5
5,'d',5