defc
10
0
0 3 4 5 6 7 8
0,'d',2
0,'e',9
0,'f',4
0,'c',6
1,'d',9
1,'e',7
1,'f',9
1,'c',9
2,'d',9
2,'e',8
2,'f',9
2,'c',9
3,'d',2
3,'e',9
3,'f',4
3,'c',6
4,'d',2
4,'e',9
4,'f',4
4,'c',6
5,'d',2
5,'e',9
5,'f',4
5,'c',6
6,'d',2
6,'e',9
6,'f',4
6,'c',6
7,'d',2
7,'e',9
7,'f',4
7,'c',6
8,'d',2
8,'e',9
8,'f',4
8,'c',6
9,'d',9
9,'e',9
9,'f',9
9,'c',9